// Jest Snapshot v1, https://goo.gl/fbAQLP

exports[`Groups should match snapshot 1`] = `
<RCTScrollView
  contentContainerStyle={
    {
      "backgroundColor": "#fff",
      "flexGrow": 1,
      "padding": 20,
    }
  }
>
  <View>
    <View
      style={
        {
          "alignItems": "center",
          "flexDirection": "row",
          "justifyContent": "space-between",
          "marginBottom": 30,
        }
      }
    >
      <View
        accessibilityState={
          {
            "busy": undefined,
            "checked": undefined,
            "disabled": undefined,
            "expanded": undefined,
            "selected": undefined,
          }
        }
        accessibilityValue={
          {
            "max": undefined,
            "min": undefined,
            "now": undefined,
            "text": undefined,
          }
        }
        accessible={true}
        collapsable={false}
        focusable={true}
        onClick={[Function]}
        onResponderGrant={[Function]}
        onResponderMove={[Function]}
        onResponderRelease={[Function]}
        onResponderTerminate={[Function]}
        onResponderTerminationRequest={[Function]}
        onStartShouldSetResponder={[Function]}
        style={
          {
            "opacity": 1,
          }
        }
      >
        <Text
          style={
            {
              "color": "#009688",
              "fontSize": 16,
              "fontWeight": "500",
            }
          }
        >
          Cancel
        </Text>
      </View>
      <Text
        style={
          {
            "color": "#333",
            "fontSize": 16,
            "fontWeight": "600",
          }
        }
      >
        Create a group
      </Text>
      <View
        accessibilityState={
          {
            "busy": undefined,
            "checked": undefined,
            "disabled": undefined,
            "expanded": undefined,
            "selected": undefined,
          }
        }
        accessibilityValue={
          {
            "max": undefined,
            "min": undefined,
            "now": undefined,
            "text": undefined,
          }
        }
        accessible={true}
        collapsable={false}
        focusable={true}
        onClick={[Function]}
        onResponderGrant={[Function]}
        onResponderMove={[Function]}
        onResponderRelease={[Function]}
        onResponderTerminate={[Function]}
        onResponderTerminationRequest={[Function]}
        onStartShouldSetResponder={[Function]}
        style={
          {
            "opacity": 1,
          }
        }
      >
        <Text
          style={
            {
              "color": "#009688",
              "fontSize": 16,
              "fontWeight": "500",
            }
          }
        >
          Done
        </Text>
      </View>
    </View>
    <View
      style={
        {
          "alignItems": "center",
          "display": "flex",
          "flexDirection": "row",
          "paddingRight": 100,
        }
      }
    >
      <View
        accessibilityState={
          {
            "busy": undefined,
            "checked": undefined,
            "disabled": undefined,
            "expanded": undefined,
            "selected": undefined,
          }
        }
        accessibilityValue={
          {
            "max": undefined,
            "min": undefined,
            "now": undefined,
            "text": undefined,
          }
        }
        accessible={true}
        collapsable={false}
        focusable={true}
        onClick={[Function]}
        onResponderGrant={[Function]}
        onResponderMove={[Function]}
        onResponderRelease={[Function]}
        onResponderTerminate={[Function]}
        onResponderTerminationRequest={[Function]}
        onStartShouldSetResponder={[Function]}
        style={
          {
            "alignItems": "center",
            "alignSelf": "center",
            "backgroundColor": "#f0f0f0",
            "borderRadius": 10,
            "display": "flex",
            "height": 70,
            "justifyContent": "center",
            "marginBottom": 20,
            "opacity": 1,
            "width": 70,
          }
        }
      >
        <Ionicons
          color="gray"
          name="camera-outline"
          size={28}
        />
      </View>
      <TextInput
        onChangeText={[Function]}
        placeholder="Group name"
        placeholderTextColor="#999"
        style={
          {
            "borderBottomColor": "#ccc",
            "borderBottomWidth": 1,
            "fontSize": 16,
            "marginBottom": 30,
            "marginLeft": 10,
            "paddingVertical": 10,
            "width": "100%",
          }
        }
        value=""
      />
    </View>
    <Text
      style={
        {
          "color": "#666",
          "fontSize": 14,
          "marginBottom": 10,
        }
      }
    >
      Type
    </Text>
    <View
      style={
        {
          "flexDirection": "row",
          "flexWrap": "wrap",
          "gap": 10,
          "justifyContent": "space-between",
        }
      }
    >
      <View
        accessibilityState={
          {
            "busy": undefined,
            "checked": undefined,
            "disabled": undefined,
            "expanded": undefined,
            "selected": undefined,
          }
        }
        accessibilityValue={
          {
            "max": undefined,
            "min": undefined,
            "now": undefined,
            "text": undefined,
          }
        }
        accessible={true}
        collapsable={false}
        focusable={true}
        onClick={[Function]}
        onResponderGrant={[Function]}
        onResponderMove={[Function]}
        onResponderRelease={[Function]}
        onResponderTerminate={[Function]}
        onResponderTerminationRequest={[Function]}
        onStartShouldSetResponder={[Function]}
        style={
          {
            "alignItems": "center",
            "backgroundColor": "#fff",
            "borderColor": "#ddd",
            "borderRadius": 10,
            "borderWidth": 1,
            "opacity": 1,
            "paddingVertical": 12,
            "width": "22%",
          }
        }
        testID="type-button-Trip"
      >
        <Ionicons
          color="black"
          name="airplane"
          size={24}
        />
        <Text
          style={
            {
              "color": "#333",
              "fontSize": 13,
              "marginTop": 4,
            }
          }
        >
          Trip
        </Text>
      </View>
      <View
        accessibilityState={
          {
            "busy": undefined,
            "checked": undefined,
            "disabled": undefined,
            "expanded": undefined,
            "selected": undefined,
          }
        }
        accessibilityValue={
          {
            "max": undefined,
            "min": undefined,
            "now": undefined,
            "text": undefined,
          }
        }
        accessible={true}
        collapsable={false}
        focusable={true}
        onClick={[Function]}
        onResponderGrant={[Function]}
        onResponderMove={[Function]}
        onResponderRelease={[Function]}
        onResponderTerminate={[Function]}
        onResponderTerminationRequest={[Function]}
        onStartShouldSetResponder={[Function]}
        style={
          {
            "alignItems": "center",
            "backgroundColor": "#fff",
            "borderColor": "#ddd",
            "borderRadius": 10,
            "borderWidth": 1,
            "opacity": 1,
            "paddingVertical": 12,
            "width": "22%",
          }
        }
        testID="type-button-Home"
      >
        <Entypo
          color="black"
          name="home"
          size={24}
        />
        <Text
          style={
            {
              "color": "#333",
              "fontSize": 13,
              "marginTop": 4,
            }
          }
        >
          Home
        </Text>
      </View>
      <View
        accessibilityState={
          {
            "busy": undefined,
            "checked": undefined,
            "disabled": undefined,
            "expanded": undefined,
            "selected": undefined,
          }
        }
        accessibilityValue={
          {
            "max": undefined,
            "min": undefined,
            "now": undefined,
            "text": undefined,
          }
        }
        accessible={true}
        collapsable={false}
        focusable={true}
        onClick={[Function]}
        onResponderGrant={[Function]}
        onResponderMove={[Function]}
        onResponderRelease={[Function]}
        onResponderTerminate={[Function]}
        onResponderTerminationRequest={[Function]}
        onStartShouldSetResponder={[Function]}
        style={
          {
            "alignItems": "center",
            "backgroundColor": "#fff",
            "borderColor": "#ddd",
            "borderRadius": 10,
            "borderWidth": 1,
            "opacity": 1,
            "paddingVertical": 12,
            "width": "22%",
          }
        }
        testID="type-button-Other"
      >
        <MaterialIcons
          color="black"
          name="more-horiz"
          size={24}
        />
        <Text
          style={
            {
              "color": "#333",
              "fontSize": 13,
              "marginTop": 4,
            }
          }
        >
          Other
        </Text>
      </View>
    </View>
  </View>
</RCTScrollView>
`;
