// Jest Snapshot v1, https://goo.gl/fbAQLP

exports[`Login should match snapshot 1`] = `
<View
  style={
    {
      "backgroundColor": "#f5f5f5",
      "flex": 1,
      "justifyContent": "center",
      "marginHorizontal": 20,
    }
  }
>
  <View
    onLayout={[Function]}
    style={
      {
        "paddingBottom": 0,
      }
    }
  >
    <Text
      style={
        {
          "color": "#333",
          "fontSize": 32,
          "fontWeight": "bold",
          "marginBottom": 20,
          "textAlign": "center",
        }
      }
    >
      Welcome
    </Text>
    <TextInput
      autoCapitalize="none"
      keyboardType="email-address"
      onChangeText={[Function]}
      placeholder="Email"
      placeholderTextColor="#aaa"
      style={
        {
          "backgroundColor": "#fff",
          "borderColor": "#ddd",
          "borderRadius": 8,
          "borderWidth": 1,
          "height": 50,
          "marginVertical": 10,
          "padding": 10,
        }
      }
      value=""
    />
    <TextInput
      onChangeText={[Function]}
      placeholder="Password"
      placeholderTextColor="#aaa"
      secureTextEntry={true}
      style={
        {
          "backgroundColor": "#fff",
          "borderColor": "#ddd",
          "borderRadius": 8,
          "borderWidth": 1,
          "height": 50,
          "marginVertical": 10,
          "padding": 10,
        }
      }
      value=""
    />
    <View
      accessibilityState={
        {
          "busy": undefined,
          "checked": undefined,
          "disabled": undefined,
          "expanded": undefined,
          "selected": undefined,
        }
      }
      accessibilityValue={
        {
          "max": undefined,
          "min": undefined,
          "now": undefined,
          "text": undefined,
        }
      }
      accessible={true}
      collapsable={false}
      focusable={true}
      onClick={[Function]}
      onResponderGrant={[Function]}
      onResponderMove={[Function]}
      onResponderRelease={[Function]}
      onResponderTerminate={[Function]}
      onResponderTerminationRequest={[Function]}
      onStartShouldSetResponder={[Function]}
      style={
        {
          "backgroundColor": "#007BFF",
          "borderRadius": 8,
          "marginVertical": 10,
          "opacity": 1,
          "paddingVertical": 15,
        }
      }
    >
      <Text
        style={
          {
            "color": "#fff",
            "fontSize": 16,
            "fontWeight": "bold",
            "textAlign": "center",
          }
        }
      >
        Login
      </Text>
    </View>
    <View
      accessibilityState={
        {
          "busy": undefined,
          "checked": undefined,
          "disabled": undefined,
          "expanded": undefined,
          "selected": undefined,
        }
      }
      accessibilityValue={
        {
          "max": undefined,
          "min": undefined,
          "now": undefined,
          "text": undefined,
        }
      }
      accessible={true}
      collapsable={false}
      focusable={true}
      onClick={[Function]}
      onResponderGrant={[Function]}
      onResponderMove={[Function]}
      onResponderRelease={[Function]}
      onResponderTerminate={[Function]}
      onResponderTerminationRequest={[Function]}
      onStartShouldSetResponder={[Function]}
      style={
        {
          "backgroundColor": "#007BFF",
          "borderRadius": 8,
          "marginVertical": 10,
          "opacity": 1,
          "paddingVertical": 15,
        }
      }
    >
      <Text
        style={
          {
            "color": "#fff",
            "fontSize": 16,
            "fontWeight": "bold",
            "textAlign": "center",
          }
        }
      >
        Create account
      </Text>
    </View>
  </View>
</View>
`;
