// Jest Snapshot v1, https://goo.gl/fbAQLP

exports[`Signup should match snapshot 1`] = `
<View
  style={
    {
      "backgroundColor": "#f5f5f5",
      "flex": 1,
      "justifyContent": "center",
      "padding": 20,
    }
  }
>
  <Text
    style={
      {
        "color": "#333",
        "fontSize": 32,
        "fontWeight": "bold",
        "marginBottom": 20,
        "textAlign": "center",
      }
    }
  >
    Signup
  </Text>
  <TextInput
    onChangeText={[Function]}
    placeholder="Full Name"
    placeholderTextColor="#aaa"
    style={
      {
        "backgroundColor": "#fff",
        "borderColor": "#ddd",
        "borderRadius": 8,
        "borderWidth": 1,
        "height": 50,
        "marginVertical": 10,
        "padding": 10,
      }
    }
    value=""
  />
  <TextInput
    autoCapitalize="none"
    keyboardType="email-address"
    onChangeText={[Function]}
    placeholder="Email"
    placeholderTextColor="#aaa"
    style={
      {
        "backgroundColor": "#fff",
        "borderColor": "#ddd",
        "borderRadius": 8,
        "borderWidth": 1,
        "height": 50,
        "marginVertical": 10,
        "padding": 10,
      }
    }
    value=""
  />
  <TextInput
    keyboardType="phone-pad"
    onChangeText={[Function]}
    placeholder="Phone Number"
    placeholderTextColor="#aaa"
    style={
      {
        "backgroundColor": "#fff",
        "borderColor": "#ddd",
        "borderRadius": 8,
        "borderWidth": 1,
        "height": 50,
        "marginVertical": 10,
        "padding": 10,
      }
    }
    value=""
  />
  <TextInput
    onChangeText={[Function]}
    placeholder="Password"
    placeholderTextColor="#aaa"
    secureTextEntry={true}
    style={
      {
        "backgroundColor": "#fff",
        "borderColor": "#ddd",
        "borderRadius": 8,
        "borderWidth": 1,
        "height": 50,
        "marginVertical": 10,
        "padding": 10,
      }
    }
    value=""
  />
  <TextInput
    onChangeText={[Function]}
    placeholder="Confirm Password"
    placeholderTextColor="#aaa"
    secureTextEntry={true}
    style={
      {
        "backgroundColor": "#fff",
        "borderColor": "#ddd",
        "borderRadius": 8,
        "borderWidth": 1,
        "height": 50,
        "marginVertical": 10,
        "padding": 10,
      }
    }
    value=""
  />
  <View
    accessibilityRole="button"
    accessibilityState={
      {
        "busy": undefined,
        "checked": undefined,
        "disabled": false,
        "expanded": undefined,
        "selected": undefined,
      }
    }
    accessibilityValue={
      {
        "max": undefined,
        "min": undefined,
        "now": undefined,
        "text": undefined,
      }
    }
    accessible={true}
    collapsable={false}
    focusable={true}
    onClick={[Function]}
    onResponderGrant={[Function]}
    onResponderMove={[Function]}
    onResponderRelease={[Function]}
    onResponderTerminate={[Function]}
    onResponderTerminationRequest={[Function]}
    onStartShouldSetResponder={[Function]}
    style={
      {
        "opacity": 1,
      }
    }
    testID="signup-button"
  >
    <View
      style={
        [
          {},
        ]
      }
    >
      <Text
        disabled={false}
        style={
          [
            {
              "color": "#007AFF",
              "fontSize": 18,
              "margin": 8,
              "textAlign": "center",
            },
          ]
        }
      >
        Signup
      </Text>
    </View>
  </View>
</View>
`;
